#-----------------------------------------------------------
# Vivado v2015.2 (64-bit)
# SW Build 1266856 on Fri Jun 26 16:35:25 MDT 2015
# IP Build 1264090 on Wed Jun 24 14:22:01 MDT 2015
# Start of session at: Wed Mar 14 15:40:23 2018
# Process ID: 16184
# Log file: F:/Study_in_class/CPU/CPU/project_2_2/project_2/vivado.log
# Journal file: F:/Study_in_class/CPU/CPU/project_2_2/project_2\vivado.jou
#-----------------------------------------------------------
start_gui
open_project F:/Study_in_class/CPU/CPU/project_2_2/project_2/project_2.xpr
reset_run synth_1
launch_runs impl_1 -to_step write_bitstream
wait_on_run impl_1
open_hw
connect_hw_server
open_hw_target [lindex [get_hw_targets -of_objects [get_hw_servers localhost]] 0]
set_property PROGRAM.FILE {F:/Study_in_class/CPU/CPU/project_2_2/project_2/project_2.runs/impl_1/mips_cpu.bit} [lindex [get_hw_devices] 0]
current_hw_device [lindex [get_hw_devices] 0]
refresh_hw_device -update_hw_probes false [lindex [get_hw_devices] 0]
set_property PROBES.FILE {} [lindex [get_hw_devices] 0]
set_property PROGRAM.FILE {F:/Study_in_class/CPU/CPU/project_2_2/project_2/project_2.runs/impl_1/mips_cpu.bit} [lindex [get_hw_devices] 0]
program_hw_devices [lindex [get_hw_devices] 0]
refresh_hw_device [lindex [get_hw_devices] 0]
reset_run synth_1
launch_runs impl_1 -to_step write_bitstream
wait_on_run impl_1
close_hw_target
disconnect_hw_server localhost
connect_hw_server -url localhost:3121
current_hw_target [get_hw_targets */xilinx_tcf/Digilent/210292747757A]
set_property PARAM.FREQUENCY 15000000 [get_hw_targets */xilinx_tcf/Digilent/210292747757A]
open_hw_target
set_property PROGRAM.FILE {F:/Study_in_class/CPU/CPU/project_2_2/project_2/project_2.runs/impl_1/mips_cpu.bit} [lindex [get_hw_devices] 0]
current_hw_device [lindex [get_hw_devices] 0]
refresh_hw_device -update_hw_probes false [lindex [get_hw_devices] 0]
